SELECT foobar(42);
 foobar 
--------
     42
(1 row)

