SELECT basic(42);
 basic 
-------
    42
(1 row)

