SELECT onlysql(1, 2);
 onlysql 
---------
       3
(1 row)

