SELECT dependant(42);
 dependant 
-----------
        42
(1 row)

